Copyright 1986-2022 Xilinx, Inc. All Rights Reserved. Copyright 2022-2024 Advanced Micro Devices, Inc. All Rights Reserved.
------------------------------------------------------------------------------------------------------------------------------------------------------------------------------------------
| Tool Version : Vivado v.2023.2.2 (win64) Build 4126759 Thu Feb  8 23:53:51 MST 2024
| Date         : Fri Jun 21 19:41:28 2024
| Host         : Imuposibru running 64-bit major release  (build 9200)
| Command      : report_bus_skew -warn_on_violation -file zybo_taylor_wrapper_bus_skew_routed.rpt -pb zybo_taylor_wrapper_bus_skew_routed.pb -rpx zybo_taylor_wrapper_bus_skew_routed.rpx
| Design       : zybo_taylor_wrapper
| Device       : 7z010-clg400
| Speed File   : -1  PRODUCTION 1.12 2019-11-22
| Design State : Routed
------------------------------------------------------------------------------------------------------------------------------------------------------------------------------------------

Bus Skew Report

No bus skew constraints

