#-----------------------------------------------------------
# Webtalk v2019.1 (64-bit)
# SW Build 2552052 on Fri May 24 14:49:42 MDT 2019
# IP Build 2548770 on Fri May 24 18:01:18 MDT 2019
# Start of session at: Thu Jun 13 20:25:47 2024
# Process ID: 6520
# Current directory: C:/Users/Public/Documents/JRPROJECT/FPGA_taylor_aproximation/src/project_1_axi_mb/ip_repo/edit_taylor_ip_v1_0.sim/sim_1/behav/xsim
# Command line: wbtcv.exe -mode batch -source C:/Users/Public/Documents/JRPROJECT/FPGA_taylor_aproximation/src/project_1_axi_mb/ip_repo/edit_taylor_ip_v1_0.sim/sim_1/behav/xsim/xsim.dir/taylor_ip_v1_0_behav/webtalk/xsim_webtalk.tcl -notrace
# Log file: C:/Users/Public/Documents/JRPROJECT/FPGA_taylor_aproximation/src/project_1_axi_mb/ip_repo/edit_taylor_ip_v1_0.sim/sim_1/behav/xsim/webtalk.log
# Journal file: C:/Users/Public/Documents/JRPROJECT/FPGA_taylor_aproximation/src/project_1_axi_mb/ip_repo/edit_taylor_ip_v1_0.sim/sim_1/behav/xsim\webtalk.jou
#-----------------------------------------------------------
source C:/Users/Public/Documents/JRPROJECT/FPGA_taylor_aproximation/src/project_1_axi_mb/ip_repo/edit_taylor_ip_v1_0.sim/sim_1/behav/xsim/xsim.dir/taylor_ip_v1_0_behav/webtalk/xsim_webtalk.tcl -notrace
